
> frontend@0.0.0 start
> ng serve

> Building...
√ Building...
Initial chunk files | Names                     |  Raw size
main.js             | main                      |  21.45 kB | 
chunk-6MVEHNRZ.js   | -                         |   3.95 kB | 
styles.css          | styles                    |   1.80 kB | 
chunk-6QVBX3D5.js   | -                         |   1.58 kB | 
chunk-VUJOFXKG.js   | -                         | 987 bytes | 

                    | Initial total             |  29.77 kB

Lazy chunk files    | Names                     |  Raw size
chunk-VTZYG5NY.js   | operator-portal-component | 156.54 kB | 
chunk-A5YXBR5D.js   | admin-panel-component     | 109.52 kB | 
chunk-JUXGQKIZ.js   | account-component         |  93.01 kB | 
chunk-NSQZIJ2D.js   | checkout-component        |  66.91 kB | 
chunk-XUJTNXFB.js   | booking-details-component |  63.64 kB | 
chunk-5DFMOZFU.js   | seat-selection-component  |  62.39 kB | 
chunk-OT6EMPND.js   | search-component          |  44.22 kB | 
chunk-H27XD6YA.js   | support-panel-component   |  43.87 kB | 
chunk-OS7JT4SX.js   | my-bookings-component     |  24.88 kB | 
chunk-JBHP2HHX.js   | -                         |  24.17 kB | 
chunk-OVWCHTGU.js   | guest-lookup-component    |  16.88 kB | 
chunk-BNHSUZNE.js   | login-component           |   9.34 kB | 
chunk-L24OIBEC.js   | register-component        |   8.88 kB | 
chunk-IY5WFR3R.js   | -                         |   7.84 kB | 
chunk-ST633RAB.js   | -                         |   2.31 kB | 
...and 6 more lazy chunks files. Use "--verbose" to show all the files.

Application bundle generation complete. [8.338 seconds] - 2026-08-02T21:25:08.651Z

Watch mode enabled. Watching for file changes...
NOTE: Raw file sizes do not reflect development server per-request transformations.
  ➜  Local:   http://localhost:4201/
